---- result ----
__EarlyStartSymbol -> File TOK_EOF
 File -> TemplateArgument
  ------------- ambiguous TemplateArgument: 1 of 2 ------------
   TemplateArgument -> TOK_NAME
    TOK_NAME
  ------------- ambiguous TemplateArgument: 2 of 2 ------------
   TemplateArgument -> NameRef
    NameRef -> Name
     Name -> TOK_NAME
      TOK_NAME
  ----------- end of ambiguous TemplateArgument -----------
 TOK_EOF
---- result ----
(Type 1:1-1:6 FOOBAR)
---- result ----
(Type 1:1-1:6 FOOBAR)
---- result ----
FOOBAR
