---- result ----
__EarlyStartSymbol -> File TOK_EOF
 File -> TemplateId
  TemplateId -> Identifier TOK_LESSTHAN TemplateArgumentListOpt TOK_GREATERTHAN
   Identifier -> TOK_NAME
    TOK_NAME
   TOK_LESSTHAN
   TemplateArgumentListOpt -> TemplateArgumentList
    ------------- ambiguous TemplateArgumentList: 1 of 2 ------------
     TemplateArgumentList -> UnqualifiedId
      UnqualifiedId -> TemplateId
       TemplateId -> Identifier TOK_LESSTHAN TemplateArgumentListOpt TOK_GREATERTHAN
        Identifier -> TOK_NAME
         TOK_NAME
        TOK_LESSTHAN
        TemplateArgumentListOpt -> TemplateArgumentList
         ------------- ambiguous TemplateArgumentList: 1 of 2 ------------
          TemplateArgumentList -> UnqualifiedId
           UnqualifiedId -> Identifier
            Identifier -> TOK_NAME
             TOK_NAME
         ------------- ambiguous TemplateArgumentList: 2 of 2 ------------
          TemplateArgumentList -> BinaryExpression
           BinaryExpression -> UnqualifiedId
            UnqualifiedId -> Identifier
             Identifier -> TOK_NAME
              TOK_NAME
         ----------- end of ambiguous TemplateArgumentList -----------
        TOK_GREATERTHAN
    ------------- ambiguous TemplateArgumentList: 2 of 2 ------------
     TemplateArgumentList -> BinaryExpression
      BinaryExpression -> UnqualifiedId
       UnqualifiedId -> TemplateId
        TemplateId -> Identifier TOK_LESSTHAN TemplateArgumentListOpt TOK_GREATERTHAN
         Identifier -> TOK_NAME
          TOK_NAME
         TOK_LESSTHAN
         TemplateArgumentListOpt -> TemplateArgumentList
          ------------- ambiguous TemplateArgumentList: 1 of 2 ------------
           TemplateArgumentList -> UnqualifiedId
            UnqualifiedId -> Identifier
             Identifier -> TOK_NAME
              TOK_NAME
          ------------- ambiguous TemplateArgumentList: 2 of 2 ------------
           TemplateArgumentList -> BinaryExpression
            BinaryExpression -> UnqualifiedId
             UnqualifiedId -> Identifier
              Identifier -> TOK_NAME
               TOK_NAME
          ----------- end of ambiguous TemplateArgumentList -----------
         TOK_GREATERTHAN
    ----------- end of ambiguous TemplateArgumentList -----------
   TOK_GREATERTHAN
 TOK_EOF
---- result ----
(Identifier 1:1-1:44 ostreambuf_iterator
 (Merge
  (Type 1:24-1:42
   (TemplateId 1:24-1:42
    (Identifier 1:24-1:42 char_traits
     (Merge (Type 1:36-1:41 (Identifier 1:36-1:41 _CharT))
      (NonType 1:36-1:41
       (UnqualifiedId 1:36-1:41 (Identifier 1:36-1:41 _CharT)))))))
  (NonType 1:24-1:42
   (UnqualifiedId 1:24-1:42
    (TemplateId 1:24-1:42
     (Identifier 1:24-1:42 char_traits
      (Merge (Type 1:36-1:41 (Identifier 1:36-1:41 _CharT))
       (NonType 1:36-1:41
        (UnqualifiedId 1:36-1:41 (Identifier 1:36-1:41 _CharT))))))))))
---- result ----
(Identifier (0 0) ostreambuf_iterator
 (Merge
  (Type (0 0)
   (TemplateId (0 0)
    (Identifier (0 0) char_traits
     (Merge (Type (0 0) (Identifier (0 0) _CharT))
      (NonType (0 0) (UnqualifiedId (0 0) (Identifier (0 0) _CharT)))))))
  (NonType (0 0)
   (UnqualifiedId (0 0)
    (TemplateId (0 0)
     (Identifier (0 0) char_traits
      (Merge (Type (0 0) (Identifier (0 0) _CharT))
       (NonType (0 0) (UnqualifiedId (0 0) (Identifier (0 0) _CharT))))))))))
---- result ----
TemplateId(ostreambuf_iterator, Merge(TemplateId(char_traits, Merge(_CharT, _CharT)), TemplateId(char_traits, Merge(_CharT, _CharT))))
